[www.instaheat-solutions.co.uk/index.html]
[www.instaheat-solutions.co.uk/component---src-layouts-index-js-b2e2f0bb68b8bb1344bd.js]
[www.instaheat-solutions.co.uk/component---src-pages-index-js-0830a1be8d29586d9890.js]
[www.instaheat-solutions.co.uk/path---index-bf6ac978a4f8df8d915b.js]
[www.instaheat-solutions.co.uk/app-4710518484a2dcbce1b6.js]
[www.instaheat-solutions.co.uk/commons-f7fd30e9f7445236ce15.js]
[www.instaheat-solutions.co.uk/static/hero-image.666e6a2e.jpg]
[backblue.gif]
[fade.gif]
[index.html]
[www.instaheat-solutions.co.uk/static/favicon.45bef44b.png]
[www.google-analytics.com/analytics.js]
[www.instaheat-solutions.co.uk/static/logo-c42e4c40119c5d998f78b76fa197c818-2a6d8.png]
[www.instaheat-solutions.co.uk/services/index.html]
[www.instaheat-solutions.co.uk/contact/index.html]
[www.instaheat-solutions.co.uk/static/services2x2a-c20d7c1d78a8e0d1d7dde358a11ae975-04709.jpg]
[www.instaheat-solutions.co.uk/get-a-quote/index.html]
[www.instaheat-solutions.co.uk/static/services2x2b-f766b11378741790e2df8db7b32c056b-04709.jpg]
[www.instaheat-solutions.co.uk/img/Baxi.png]
[www.instaheat-solutions.co.uk/img/Worcester.png]
[www.instaheat-solutions.co.uk/img/GlowWorm.png]
[www.instaheat-solutions.co.uk/img/Vaillant.png]
[www.instaheat-solutions.co.uk/img/Ideal.png]
[www.instaheat-solutions.co.uk/img/facebook.svg]
[www.instaheat-solutions.co.uk/img/gemma.png]
[www.instaheat-solutions.co.uk/img/peter.png]
[www.instaheat-solutions.co.uk/img/tracey.png]
[www.instaheat-solutions.co.uk/img/gas-safe.png]
[smtpjs.com/v2/smtp.js]
[cdn.polyfill.io/v2/polyfill.min.js]
[www.instaheat-solutions.co.uk/index.html]
[www.instaheat-solutions.co.uk/component---src-pages-services-js-47ad6ad5d5f2997fbb5b.js]
[www.instaheat-solutions.co.uk/path---services-a0e39f21c11f6a62c5ab.js]
[www.instaheat-solutions.co.uk/img/central-heating.jpg]
[www.instaheat-solutions.co.uk/img/boiler-replacements.jpg]
[www.instaheat-solutions.co.uk/img/boiler-breakdown.jpg]
[www.instaheat-solutions.co.uk/img/bathroom-refurbs.jpg]
[www.instaheat-solutions.co.uk/img/general-plumbing.jpg]
[www.instaheat-solutions.co.uk/img/landlord-certificate.jpg]
[www.instaheat-solutions.co.uk/img/boiler-service.jpg]
[www.instaheat-solutions.co.uk/services/index.html]
[www.instaheat-solutions.co.uk/component---src-pages-contact-js-a29d99f267e0d2291155.js]
[www.instaheat-solutions.co.uk/path---contact-a0e39f21c11f6a62c5ab.js]
[www.instaheat-solutions.co.uk/contact/index.html]
[www.instaheat-solutions.co.uk/component---src-pages-get-a-quote-js-2c8c06996d88fdd7ce0b.js]
[www.instaheat-solutions.co.uk/path---get-a-quote-a0e39f21c11f6a62c5ab.js]
[www.instaheat-solutions.co.uk/img/q1.jpg]
[www.instaheat-solutions.co.uk/get-a-quote/index.html]
[www.instaheat-solutions.co.uk/img/facebook.svg]
